Unknown option
Unknown option
Unknown option
Unknown option
Unknown option
Unknown option
Unknown option
Unknown option
Unknown option
Unknown option
Unknown option
Unknown option
Unknown option
Unknown option
Unknown option
Unknown option
Unknown option
Unknown option
Unknown option
Unknown option
Unknown option
Unknown option
Unknown option
Unknown option
Unknown option
Unknown option
Unknown option
Unknown option
Unknown option
Unknown option
Unknown option
Unknown option
Unknown option
Unknown option
Unknown option
Unknown option
Unknown option
Unknown option
Unknown option
Unknown option
Unknown option
Unknown option
Unknown option
Unknown option
Unknown option
Unknown option
Unknown option
Unknown option
Unknown option
Unknown option
Unknown option
Unknown option
Unknown option
Unknown option
Unknown option
Unknown option
Unknown option
Unknown option
